2025-05-29 19:16:24 [[31merror[39m]: Error: read ECONNRESET
    at D:\PROJECT\Intership\version_01\node_modules\pg-pool\index.js:45:11
    at process.processTicksAndRejections (node:internal/process/task_queues:95:5)
    at async D:\PROJECT\Intership\version_01\src\config\database.js:42:20
2025-05-29 19:16:28 [[31merror[39m]: Error: read ECONNRESET
    at D:\PROJECT\Intership\version_01\node_modules\pg-pool\index.js:45:11
    at process.processTicksAndRejections (node:internal/process/task_queues:95:5)
    at async D:\PROJECT\Intership\version_01\src\config\database.js:42:20
{"level":"info","message":"Database connection established","timestamp":"2025-05-29 19:17:48"}
{"level":"info","message":"Database connection test successful:","now":"2025-05-29T13:47:55.070Z","timestamp":"2025-05-29 19:17:48"}
{"level":"info","message":"Database connection established","timestamp":"2025-05-29 19:18:18"}
{"level":"info","message":"Database connection test successful:","now":"2025-05-29T13:48:25.241Z","timestamp":"2025-05-29 19:18:18"}
{"level":"info","message":"Database connection established","timestamp":"2025-05-29 19:19:02"}
{"level":"info","message":"Database connection test successful:","now":"2025-05-29T13:49:09.531Z","timestamp":"2025-05-29 19:19:02"}
{"level":"info","message":"Database connection established","timestamp":"2025-05-29 19:19:39"}
{"level":"info","message":"Database connection established","timestamp":"2025-05-29 19:19:39"}
{"level":"info","message":"Database connection test successful:","now":"2025-05-29T13:49:46.477Z","timestamp":"2025-05-29 19:19:39"}
{"level":"info","message":"Database connection established","timestamp":"2025-05-29 19:23:16"}
{"level":"info","message":"Database connection established","timestamp":"2025-05-29 19:23:16"}
{"level":"info","message":"Database connection test successful:","now":"2025-05-29T13:53:23.153Z","timestamp":"2025-05-29 19:23:16"}
{"level":"info","message":"Client removed from pool","timestamp":"2025-05-29 19:23:46"}
{"level":"info","message":"Client removed from pool","timestamp":"2025-05-29 19:23:46"}
{"level":"info","message":"Database connection established","timestamp":"2025-05-29 19:27:00"}
{"level":"info","message":"Database connection established","timestamp":"2025-05-29 19:27:01"}
{"level":"info","message":"Database connection test successful:","now":"2025-05-29T13:57:07.976Z","timestamp":"2025-05-29 19:27:01"}
{"level":"info","message":"Database connection established","timestamp":"2025-05-29 19:27:29"}
{"level":"info","message":"Client removed from pool","timestamp":"2025-05-29 19:28:00"}
{"level":"info","message":"Database connection established","timestamp":"2025-05-29 19:28:28"}
{"level":"info","message":"Client removed from pool","timestamp":"2025-05-29 19:28:58"}
{"level":"info","message":"Database connection established","timestamp":"2025-05-29 19:29:55"}
{"level":"info","message":"Client removed from pool","timestamp":"2025-05-29 19:30:25"}
{"level":"info","message":"Database connection established","timestamp":"2025-05-29 19:33:14"}
{"level":"info","message":"Database connection established","timestamp":"2025-05-29 19:33:43"}
{"error":"Connection terminated due to connection timeout","level":"error","message":"Query execution error:","text":"CREATE EXTENSION IF NOT EXISTS \"uuid-ossp\";\r\n\r\nCREATE TABLE IF NOT EXISTS \"User\" (\r\n    Uid UUID PRIMARY KEY DEFAULT uuid_generate_v4(),\r\n    UserName VARCHAR(100) NOT NULL,\r\n    TimeOfSignIn TIME DEFAULT CURRENT_TIME,\r\n    DateofSignIn DATE DEFAULT CURRENT_DATE,\r\n    Email TEXT NOT NULL UNIQUE,\r\n    Password VARCHAR(50) NOT NULL,\r\n    Occupation VARCHAR(100) DEFAULT '',\r\n    Image_Url VARCHAR(255) DEFAULT '',\r\n    Verified VARCHAR(1) DEFAULT 'N',\r\n    About_YourSelf TEXT DEFAULT ''\r\n);","timestamp":"2025-05-29 19:33:52"}
{"level":"info","message":"Database connection established","timestamp":"2025-05-29 19:33:57"}
{"level":"info","message":"Database connection established","timestamp":"2025-05-29 19:34:02"}
{"level":"info","message":"Database connection established","timestamp":"2025-05-29 19:34:54"}
{"level":"info","message":"Client removed from pool","timestamp":"2025-05-29 19:35:14"}
{"error":"value too long for type character varying(50)","level":"error","message":"Query execution error:","params":["Adarsh","addu2012005@gmail.com","$2b$10$tuj.qLsbiG04cni5MEOaY.0SFRrOVc1bgALKTP7OZgciQ2of6BFim"],"text":"INSERT INTO \"User\" (UserName, Email, Password) VALUES ($1, $2, $3) RETURNING Uid, UserName, Email","timestamp":"2025-05-29 19:35:14"}
{"level":"info","message":"Database connection established","timestamp":"2025-05-29 19:37:19"}
{"level":"info","message":"Client removed from pool","timestamp":"2025-05-29 19:38:17"}
{"level":"info","message":"Database connection established","timestamp":"2025-05-29 19:38:24"}
{"level":"info","message":"Client removed from pool","timestamp":"2025-05-29 19:39:14"}
{"level":"info","message":"Database connection established","timestamp":"2025-05-29 19:45:47"}
{"level":"info","message":"Client removed from pool","timestamp":"2025-05-29 19:46:43"}
{"level":"info","message":"Database connection established","timestamp":"2025-05-29 19:48:11"}
{"level":"info","message":"Database connection established","timestamp":"2025-05-29 19:52:37"}
{"level":"info","message":"Client removed from pool","timestamp":"2025-05-29 19:53:24"}
{"level":"info","message":"Database connection established","timestamp":"2025-05-29 19:53:37"}
{"level":"info","message":"Client removed from pool","timestamp":"2025-05-29 19:54:07"}
{"level":"info","message":"Database connection established","timestamp":"2025-05-29 19:54:31"}
{"level":"info","message":"Client removed from pool","timestamp":"2025-05-29 19:54:55"}
{"error":"duplicate key value violates unique constraint \"User_email_key\"","level":"error","message":"Query execution error:","params":["Admin_01","some@gmail.com","$2b$10$PtVHdFzUuEGlLlkblF253..QA6kDI.B3l0X7NMpMIiM0nlZEwXMyO"],"text":"INSERT INTO \"User\" (UserName, Email, Password) VALUES ($1, $2, $3) RETURNING Uid, UserName, Email","timestamp":"2025-05-29 19:54:55"}
{"level":"info","message":"Database connection established","timestamp":"2025-05-29 19:55:04"}
{"level":"info","message":"Client removed from pool","timestamp":"2025-05-29 19:55:34"}
{"level":"info","message":"Database connection established","timestamp":"2025-05-29 19:55:44"}
{"level":"info","message":"Database connection established","timestamp":"2025-05-31 21:12:08"}
{"level":"info","message":"Client removed from pool","timestamp":"2025-05-31 21:12:08"}
{"error":"foreign key constraint \"post_tag_post_id_fkey\" cannot be implemented","level":"error","message":"Query execution error:","text":"CREATE EXTENSION IF NOT EXISTS \"uuid-ossp\";\r\nDROP TABLE IF EXISTS \"Post\";\r\nDROP TABLE IF EXISTS \"Tag\";\r\nDROP TABLE IF EXISTS \"Post_Tag\";\r\n\r\nCREATE TABLE IF NOT EXISTS Post (\r\n    post_id UUID PRIMARY KEY DEFAULT uuid_generate_v4(),   -- Unique post ID\r\n    User_id UUID NOT NULL,                                 -- Foreign key to User (you might want to enforce FK constraint)\r\n    User_Name VARCHAR(255) NOT NULL,                       -- Redundant if you have User table (denormalize only if needed)\r\n    Text_Location TEXT NOT NULL,                           -- Path to the blog text (e.g., Markdown file or DB blob)\r\n    Title VARCHAR(255) NOT NULL,                           -- Title of the blog post\r\n    Created_At TIMESTAMP DEFAULT CURRENT_TIMESTAMP,        -- Creation timestamp\r\n    Updated_At TIMESTAMP DEFAULT CURRENT_TIMESTAMP,        -- Last updated timestamp\r\n    Status VARCHAR(30) DEFAULT 'draft',                    -- Post status (draft/published/deleted etc.)\r\n    Cover_page TEXT                                        -- URL or base64 for cover image\r\n);\r\n\r\nCREATE TABLE IF NOT EXISTS Tag (\r\n    tag_id UUID PRIMARY KEY DEFAULT uuid_generate_v4(),\r\n    name VARCHAR(50) UNIQUE NOT NULL\r\n);\r\n\r\nCREATE TABLE IF NOT EXISTS Post_Tag (\r\n    post_id UUID REFERENCES Post(post_id) ON DELETE CASCADE,\r\n    tag_id UUID REFERENCES Tag(tag_id) ON DELETE CASCADE,\r\n    PRIMARY KEY (post_id, tag_id)\r\n);","timestamp":"2025-05-31 21:12:08"}
{"level":"info","message":"Database connection established","timestamp":"2025-05-31 21:13:40"}
{"level":"info","message":"Client removed from pool","timestamp":"2025-05-31 21:13:40"}
{"error":"foreign key constraint \"post_tag_post_id_fkey\" cannot be implemented","level":"error","message":"Query execution error:","text":"CREATE EXTENSION IF NOT EXISTS \"uuid-ossp\";\r\n\r\n-- Drop the dependent table FIRST\r\nDROP TABLE IF EXISTS \"Post_Tag\";\r\nDROP TABLE IF EXISTS \"Post\";\r\nDROP TABLE IF EXISTS \"Tag\";\r\n\r\n-- Create Post table\r\nCREATE TABLE IF NOT EXISTS Post (\r\n    post_id UUID PRIMARY KEY DEFAULT uuid_generate_v4(),   -- Unique post ID\r\n    User_id UUID NOT NULL,                                 -- Foreign key to User (optional enforcement)\r\n    User_Name VARCHAR(255) NOT NULL,                       -- Redundant if you have User table\r\n    Text_Location TEXT NOT NULL,                           -- Path to blog content\r\n    Title VARCHAR(255) NOT NULL,                           -- Post title\r\n    Created_At TIMESTAMP DEFAULT CURRENT_TIMESTAMP,        -- Timestamp\r\n    Updated_At TIMESTAMP DEFAULT CURRENT_TIMESTAMP,        -- Timestamp\r\n    Status VARCHAR(30) DEFAULT 'draft',                    -- Post status\r\n    Cover_page TEXT                                        -- Cover image\r\n);\r\n\r\n-- Create Tag table\r\nCREATE TABLE IF NOT EXISTS Tag (\r\n    tag_id UUID PRIMARY KEY DEFAULT uuid_generate_v4(),\r\n    name VARCHAR(50) UNIQUE NOT NULL\r\n);\r\n\r\n-- Create junction table\r\nCREATE TABLE IF NOT EXISTS Post_Tag (\r\n    post_id UUID REFERENCES Post(post_id) ON DELETE CASCADE,\r\n    tag_id UUID REFERENCES Tag(tag_id) ON DELETE CASCADE,\r\n    PRIMARY KEY (post_id, tag_id)\r\n);\r\n","timestamp":"2025-05-31 21:13:40"}
{"level":"info","message":"Database connection established","timestamp":"2025-05-31 21:15:43"}
{"level":"info","message":"Client removed from pool","timestamp":"2025-05-31 21:15:43"}
{"error":"foreign key constraint \"post_tag_post_id_fkey\" cannot be implemented","level":"error","message":"Query execution error:","text":"CREATE EXTENSION IF NOT EXISTS \"uuid-ossp\";\r\n\r\n-- Drop the dependent table FIRST\r\nDROP TABLE IF EXISTS \"Post_Tag\";\r\nDROP TABLE IF EXISTS \"Post\";\r\nDROP TABLE IF EXISTS \"Tag\";\r\n\r\n-- Create Post table\r\nCREATE TABLE IF NOT EXISTS Post (\r\n    post_id UUID PRIMARY KEY DEFAULT uuid_generate_v4(),   -- Unique post ID\r\n    User_id UUID NOT NULL,                                 -- Foreign key to User (optional enforcement)\r\n    User_Name VARCHAR(255) NOT NULL,                       -- Redundant if you have User table\r\n    Text_Location TEXT NOT NULL,                           -- Path to blog content\r\n    Title VARCHAR(255) NOT NULL,                           -- Post title\r\n    Created_At TIMESTAMP DEFAULT CURRENT_TIMESTAMP,        -- Timestamp\r\n    Updated_At TIMESTAMP DEFAULT CURRENT_TIMESTAMP,        -- Timestamp\r\n    Status VARCHAR(30) DEFAULT 'draft',                    -- Post status\r\n    Cover_page TEXT                                        -- Cover image\r\n);\r\n\r\n-- Create Tag table\r\nCREATE TABLE IF NOT EXISTS Tag (\r\n    tag_id UUID PRIMARY KEY DEFAULT uuid_generate_v4(),\r\n    name VARCHAR(50) UNIQUE NOT NULL\r\n);\r\n\r\n-- Create junction table\r\nCREATE TABLE IF NOT EXISTS Post_Tag (\r\n    post_id UUID REFERENCES Post(post_id) ON DELETE CASCADE,\r\n    tag_id UUID REFERENCES Tag(tag_id) ON DELETE CASCADE,\r\n    PRIMARY KEY (post_id, tag_id)\r\n);\r\n","timestamp":"2025-05-31 21:15:43"}
{"level":"info","message":"Database connection established","timestamp":"2025-05-31 21:16:39"}
{"level":"info","message":"Client removed from pool","timestamp":"2025-05-31 21:17:09"}
{"level":"info","message":"Database connection established","timestamp":"2025-06-01 10:19:00"}
{"level":"info","message":"Client removed from pool","timestamp":"2025-06-01 10:20:17"}
{"level":"info","message":"Database connection established","timestamp":"2025-06-01 10:43:08"}
{"level":"info","message":"Client removed from pool","timestamp":"2025-06-01 10:43:43"}
{"level":"info","message":"Database connection established","timestamp":"2025-06-01 11:05:14"}
{"level":"info","message":"Client removed from pool","timestamp":"2025-06-01 11:05:44"}
{"level":"info","message":"Database connection established","timestamp":"2025-06-01 11:16:55"}
{"level":"info","message":"Client removed from pool","timestamp":"2025-06-01 11:17:50"}
{"level":"info","message":"Database connection established","timestamp":"2025-06-01 11:23:19"}
{"level":"info","message":"Client removed from pool","timestamp":"2025-06-01 11:23:50"}
{"level":"info","message":"Database connection established","timestamp":"2025-06-01 11:24:48"}
{"level":"info","message":"Client removed from pool","timestamp":"2025-06-01 11:25:27"}
{"level":"info","message":"Database connection established","timestamp":"2025-06-01 11:27:11"}
{"level":"info","message":"Client removed from pool","timestamp":"2025-06-01 11:28:05"}
{"error":"Connection terminated due to connection timeout","level":"error","message":"Query execution error:","params":[null,null,"https://drive.google.com/uc?id=1Bdp3vwhMT3Kh2bx4MmZcqqJlbqpT8hEE","try_7","draft","https://drive.google.com/uc?id=1y_Wik4D2OpDRVsoXZ2eg8OpfdwJe3c0f"],"text":"\n          INSERT INTO Post (User_id, User_Name, Text_Location, Title, Status, Cover_page)\n          VALUES ($1, $2, $3, $4, $5, $6)\n          RETURNING *;\n        ","timestamp":"2025-06-01 11:30:55"}
{"error":"Connection terminated due to connection timeout","level":"error","message":"Query execution error:","params":[null,null,"https://drive.google.com/uc?id=17ApLxjaa1fJx0DnRwcqdN-mVzJ4VNZiv","try_7","draft","https://drive.google.com/uc?id=1eYyHEXHdmSHd6jmUW_9M6_PjlgFKTMRS"],"text":"\n          INSERT INTO Post (User_id, User_Name, Text_Location, Title, Status, Cover_page)\n          VALUES ($1, $2, $3, $4, $5, $6)\n          RETURNING *;\n        ","timestamp":"2025-06-01 12:08:04"}
{"level":"info","message":"Database connection established","timestamp":"2025-06-01 12:08:31"}
{"level":"info","message":"Client removed from pool","timestamp":"2025-06-01 12:08:31"}
{"error":"null value in column \"post_id\" of relation \"post\" violates not-null constraint","level":"error","message":"Query execution error:","params":[null,null,"https://drive.google.com/uc?id=1I1jhChpYBvZ0vrjhTVG7okSd31TgMUEX","try_7","draft","https://drive.google.com/uc?id=1AOaYfZWyYXfih2ZRrxa_AA-ZiYDeLlNL"],"text":"\n          INSERT INTO Post (User_id, User_Name, Text_Location, Title, Status, Cover_page)\n          VALUES ($1, $2, $3, $4, $5, $6)\n          RETURNING *;\n        ","timestamp":"2025-06-01 12:08:31"}
{"error":"Connection terminated due to connection timeout","level":"error","message":"Query execution error:","params":[null,null,"https://drive.google.com/uc?id=12L6KF5DLcyYt0t2NShQmDzV9NbDIOWE2","try_7","draft","https://drive.google.com/uc?id=1vQB6MxGdtYVgbiSKcJWfq3rMU430fMHt"],"text":"\n          INSERT INTO Post (User_id, User_Name, Text_Location, Title, Status, Cover_page)\n          VALUES ($1, $2, $3, $4, $5, $6)\n          RETURNING *;\n        ","timestamp":"2025-06-01 12:11:49"}
{"level":"info","message":"Database connection established","timestamp":"2025-06-01 12:13:11"}
{"level":"info","message":"Client removed from pool","timestamp":"2025-06-01 12:13:11"}
{"error":"value too long for type character varying(15)","level":"error","message":"Query execution error:","params":["6ad347fd-98ac-418f-8c9a-d3b2c4ce3da2","some@gmail.com","https://drive.google.com/uc?id=1z1whq6lU7RgKTJrE6Xja07M8_q13oEvU","try_7","draft","https://drive.google.com/uc?id=1mQM6pK82fYQu8YJTGPJibWFlT9VRnX_N"],"text":"\n          INSERT INTO Post (User_id, User_Name, Text_Location, Title, Status, Cover_page)\n          VALUES ($1, $2, $3, $4, $5, $6)\n          RETURNING *;\n        ","timestamp":"2025-06-01 12:13:11"}
{"error":"Connection terminated due to connection timeout","level":"error","message":"Query execution error:","text":"CREATE EXTENSION IF NOT EXISTS \"uuid-ossp\";\r\n\r\n-- Drop the dependent table FIRST\r\nDROP TABLE IF EXISTS \"Post_Tag\";\r\n-- DROP TABLE IF EXISTS \"Post\";\r\n-- DROP TABLE IF EXISTS \"Tag\";\r\n\r\n-- Create Post table\r\nCREATE TABLE IF NOT EXISTS Post (\r\n    post_id UUID PRIMARY KEY DEFAULT uuid_generate_v4(),   -- Unique post ID\r\n    User_id UUID NOT NULL,                                 -- Foreign key to User (optional enforcement)\r\n    User_Name VARCHAR(255) NOT NULL,                       -- Redundant if you have User table\r\n    Text_Location TEXT NOT NULL,                           -- Path to blog content\r\n    Title VARCHAR(255) NOT NULL,                           -- Post title\r\n    Created_At TIMESTAMP DEFAULT CURRENT_TIMESTAMP,        -- Timestamp\r\n    Updated_At TIMESTAMP DEFAULT CURRENT_TIMESTAMP,        -- Timestamp\r\n    Status VARCHAR(30) DEFAULT 'draft',                    -- Post status\r\n    Cover_page TEXT                                        -- Cover image\r\n);\r\n\r\n-- -- Create Tag table\r\n-- CREATE TABLE IF NOT EXISTS Tag (\r\n--     tag_id UUID PRIMARY KEY DEFAULT uuid_generate_v4(),\r\n--     name VARCHAR(50) UNIQUE NOT NULL\r\n-- );\r\n\r\n-- -- Create junction table\r\n-- CREATE TABLE IF NOT EXISTS Post_Tag (\r\n--     post_id UUID REFERENCES Post(post_id) ON DELETE CASCADE,\r\n--     tag_id UUID REFERENCES Tag(tag_id) ON DELETE CASCADE,\r\n--     PRIMARY KEY (post_id, tag_id)\r\n-- );\r\n","timestamp":"2025-06-01 12:14:51"}
{"error":"Connection terminated due to connection timeout","level":"error","message":"Query execution error:","text":"CREATE EXTENSION IF NOT EXISTS \"uuid-ossp\";\r\n\r\n-- Drop the dependent table FIRST\r\nDROP TABLE IF EXISTS \"Post_Tag\";\r\n-- DROP TABLE IF EXISTS \"Post\";\r\n-- DROP TABLE IF EXISTS \"Tag\";\r\n\r\n-- Create Post table\r\nCREATE TABLE IF NOT EXISTS Post (\r\n    post_id UUID PRIMARY KEY DEFAULT uuid_generate_v4(),   -- Unique post ID\r\n    User_id UUID NOT NULL,                                 -- Foreign key to User (optional enforcement)\r\n    User_Name VARCHAR(255) NOT NULL,                       -- Redundant if you have User table\r\n    Text_Location TEXT NOT NULL,                           -- Path to blog content\r\n    Title VARCHAR(255) NOT NULL,                           -- Post title\r\n    Created_At TIMESTAMP DEFAULT CURRENT_TIMESTAMP,        -- Timestamp\r\n    Updated_At TIMESTAMP DEFAULT CURRENT_TIMESTAMP,        -- Timestamp\r\n    Status VARCHAR(30) DEFAULT 'draft',                    -- Post status\r\n    Cover_page TEXT                                        -- Cover image\r\n);\r\n\r\n-- -- Create Tag table\r\n-- CREATE TABLE IF NOT EXISTS Tag (\r\n--     tag_id UUID PRIMARY KEY DEFAULT uuid_generate_v4(),\r\n--     name VARCHAR(50) UNIQUE NOT NULL\r\n-- );\r\n\r\n-- -- Create junction table\r\n-- CREATE TABLE IF NOT EXISTS Post_Tag (\r\n--     post_id UUID REFERENCES Post(post_id) ON DELETE CASCADE,\r\n--     tag_id UUID REFERENCES Tag(tag_id) ON DELETE CASCADE,\r\n--     PRIMARY KEY (post_id, tag_id)\r\n-- );\r\n","timestamp":"2025-06-01 12:15:02"}
{"level":"info","message":"Database connection established","timestamp":"2025-06-01 19:03:01"}
{"level":"info","message":"Client removed from pool","timestamp":"2025-06-01 19:04:01"}
{"level":"info","message":"Database connection established","timestamp":"2025-06-01 19:04:13"}
{"level":"info","message":"Client removed from pool","timestamp":"2025-06-01 19:05:01"}
{"error":"value too long for type character varying(15)","level":"error","message":"Query execution error:","params":["6ad347fd-98ac-418f-8c9a-d3b2c4ce3da2","some@gmail.com","https://drive.google.com/uc?id=1LFRNYO7nmbrxnJX60mfy9vPE5d-srnG-","try_7","draft","https://drive.google.com/uc?id=1plyL7o_cJdSFkX_mFjVQjRDODuy-J7BC"],"text":"\n          INSERT INTO Post (User_id, User_Name, Text_Location, Title, Status, Cover_page)\n          VALUES ($1, $2, $3, $4, $5, $6)\n          RETURNING *;\n        ","timestamp":"2025-06-01 19:05:01"}
{"level":"info","message":"Database connection established","timestamp":"2025-06-01 19:10:14"}
{"level":"info","message":"Client removed from pool","timestamp":"2025-06-01 19:11:14"}
{"level":"info","message":"Database connection established","timestamp":"2025-06-01 19:11:31"}
{"level":"info","message":"Client removed from pool","timestamp":"2025-06-01 19:12:31"}
{"level":"info","message":"Database connection established","timestamp":"2025-06-01 19:14:10"}
{"level":"info","message":"Database connection established","timestamp":"2025-06-01 19:14:24"}
{"level":"info","message":"Client removed from pool","timestamp":"2025-06-01 19:15:24"}
{"level":"info","message":"Database connection established","timestamp":"2025-06-01 19:16:39"}
{"level":"info","message":"Client removed from pool","timestamp":"2025-06-01 19:16:39"}
{"error":"value too long for type character varying(15)","level":"error","message":"Query execution error:","params":["6ad347fd-98ac-418f-8c9a-d3b2c4ce3da2","some@gmail.com","https://drive.google.com/uc?id=1g4_6YaZZLmrZOyDcYN6spIXGLfZ5NVcY","try_7","draft","https://drive.google.com/uc?id=1LFW6nNrKe7cuuoQPvTxlRHGn4drlBMjs"],"text":"\n          INSERT INTO Post (User_id, User_Name, Text_Location, Title, Status, Cover_page)\n          VALUES ($1, $2, $3, $4, $5, $6)\n          RETURNING *;\n        ","timestamp":"2025-06-01 19:16:39"}
{"level":"info","message":"Database connection established","timestamp":"2025-06-01 19:19:50"}
{"level":"info","message":"Client removed from pool","timestamp":"2025-06-01 19:19:50"}
{"error":"value too long for type character varying(15)","level":"error","message":"Query execution error:","params":["6ad347fd-98ac-418f-8c9a-d3b2c4ce3da2","some@gmail.com","https://drive.google.com/uc?id=10KXzONgDJBT1knHHXtRmANVMzJXZjpl9","try_7","draft","https://drive.google.com/uc?id=1_HsoM6t7IctfrHRSSF-q6uF_yjuoe3WL"],"text":"\n          INSERT INTO Post (User_id, User_Name, Text_Location, Title, Status, Cover_page)\n          VALUES ($1, $2, $3, $4, $5, $6)\n          RETURNING *;\n        ","timestamp":"2025-06-01 19:19:50"}
{"level":"info","message":"Database connection established","timestamp":"2025-06-01 19:20:38"}
{"level":"info","message":"Database connection established","timestamp":"2025-06-01 19:20:44"}
{"level":"info","message":"Client removed from pool","timestamp":"2025-06-01 19:22:01"}
{"level":"info","message":"Database connection established","timestamp":"2025-06-01 19:23:58"}
{"level":"info","message":"Database connection established","timestamp":"2025-06-01 19:24:43"}
{"level":"info","message":"Client removed from pool","timestamp":"2025-06-01 19:26:36"}
{"level":"info","message":"Database connection established","timestamp":"2025-06-01 23:36:47"}
{"level":"info","message":"Client removed from pool","timestamp":"2025-06-01 23:37:47"}
{"level":"info","message":"Database connection established","timestamp":"2025-06-01 23:42:37"}
{"level":"info","message":"Database connection established","timestamp":"2025-06-01 23:50:23"}
{"level":"info","message":"Client removed from pool","timestamp":"2025-06-01 23:51:23"}
{"level":"info","message":"Database connection established","timestamp":"2025-06-02 00:26:49"}
{"level":"info","message":"Client removed from pool","timestamp":"2025-06-02 00:27:49"}
{"level":"info","message":"Database connection established","timestamp":"2025-06-02 09:14:02"}
{"level":"info","message":"Database connection established","timestamp":"2025-06-02 09:19:13"}
{"level":"info","message":"Database connection established","timestamp":"2025-06-02 09:20:02"}
{"level":"info","message":"Client removed from pool","timestamp":"2025-06-02 09:21:19"}
{"level":"info","message":"Database connection established","timestamp":"2025-06-02 09:21:51"}
{"level":"info","message":"Client removed from pool","timestamp":"2025-06-02 09:22:51"}
{"level":"info","message":"Database connection established","timestamp":"2025-06-02 09:36:46"}
{"error":"Connection terminated due to connection timeout","level":"error","message":"Query execution error:","params":["some@gmail.com"],"text":"SELECT * FROM \"User\" WHERE Email = $1","timestamp":"2025-06-02 09:38:01"}
{"error":"Connection terminated due to connection timeout","level":"error","message":"Query execution error:","params":["some@gmail.com"],"text":"SELECT * FROM \"User\" WHERE Email = $1","timestamp":"2025-06-02 09:38:36"}
{"level":"info","message":"Database connection established","timestamp":"2025-06-02 09:40:43"}
{"level":"info","message":"Database connection established","timestamp":"2025-06-02 09:41:32"}
{"level":"info","message":"Database connection established","timestamp":"2025-06-02 09:43:17"}
{"level":"info","message":"Database connection established","timestamp":"2025-06-02 09:43:59"}
{"level":"info","message":"Database connection established","timestamp":"2025-06-02 09:45:19"}
{"level":"info","message":"Client removed from pool","timestamp":"2025-06-02 09:46:19"}
{"level":"info","message":"Database connection established","timestamp":"2025-06-02 09:47:25"}
{"level":"info","message":"Database connection established","timestamp":"2025-06-02 10:13:17"}
{"level":"info","message":"Database connection established","timestamp":"2025-06-02 10:14:25"}
{"level":"info","message":"Database connection established","timestamp":"2025-06-02 10:16:13"}
{"level":"info","message":"Client removed from pool","timestamp":"2025-06-02 10:17:13"}
{"level":"info","message":"Database connection established","timestamp":"2025-06-02 10:23:28"}
{"level":"info","message":"Database connection established","timestamp":"2025-06-02 10:23:54"}
{"level":"info","message":"Client removed from pool","timestamp":"2025-06-02 10:24:54"}
{"level":"info","message":"Database connection established","timestamp":"2025-06-02 10:25:12"}
{"level":"info","message":"Client removed from pool","timestamp":"2025-06-02 10:26:12"}
{"level":"info","message":"Database connection established","timestamp":"2025-06-02 10:34:43"}
{"level":"info","message":"Database connection established","timestamp":"2025-06-02 10:36:26"}
{"level":"info","message":"Client removed from pool","timestamp":"2025-06-02 10:38:20"}
{"level":"info","message":"Database connection established","timestamp":"2025-06-02 10:43:37"}
{"level":"info","message":"Client removed from pool","timestamp":"2025-06-02 10:44:55"}
{"level":"info","message":"Database connection established","timestamp":"2025-06-02 10:48:11"}
{"level":"info","message":"Database connection established","timestamp":"2025-06-02 10:53:35"}
{"level":"info","message":"Client removed from pool","timestamp":"2025-06-02 10:55:02"}
{"level":"info","message":"Database connection established","timestamp":"2025-06-02 10:55:21"}
{"level":"info","message":"Client removed from pool","timestamp":"2025-06-02 10:56:25"}
{"level":"info","message":"Database connection established","timestamp":"2025-06-02 10:56:40"}
{"level":"info","message":"Database connection established","timestamp":"2025-06-02 10:59:38"}
{"level":"info","message":"Database connection established","timestamp":"2025-06-02 11:04:53"}
{"level":"info","message":"Database connection established","timestamp":"2025-06-02 11:05:25"}
{"level":"info","message":"Database connection established","timestamp":"2025-06-02 11:05:42"}
{"level":"info","message":"Client removed from pool","timestamp":"2025-06-02 12:05:33"}
{"level":"info","message":"Database connection established","timestamp":"2025-06-02 12:06:34"}
{"level":"info","message":"Database connection established","timestamp":"2025-06-02 12:07:15"}
{"level":"info","message":"Database connection established","timestamp":"2025-06-02 12:07:56"}
{"level":"info","message":"Database connection established","timestamp":"2025-06-02 15:36:59"}
{"level":"info","message":"Client removed from pool","timestamp":"2025-06-02 15:38:35"}
{"level":"info","message":"Database connection established","timestamp":"2025-06-02 16:09:46"}
{"level":"info","message":"Client removed from pool","timestamp":"2025-06-02 16:10:46"}
{"level":"info","message":"Database connection established","timestamp":"2025-06-02 16:15:02"}
{"level":"info","message":"Client removed from pool","timestamp":"2025-06-02 16:16:02"}
{"level":"info","message":"Database connection established","timestamp":"2025-06-02 16:35:13"}
{"level":"info","message":"Client removed from pool","timestamp":"2025-06-02 16:36:13"}
{"error":"Connection terminated due to connection timeout","level":"error","message":"Query execution error:","params":["addu1@gmail.com"],"text":"SELECT * FROM \"User\" WHERE Email = $1","timestamp":"2025-06-02 16:40:05"}
{"error":"Connection terminated due to connection timeout","level":"error","message":"Query execution error:","params":["addu1@gmail.com"],"text":"SELECT * FROM \"User\" WHERE Email = $1","timestamp":"2025-06-02 18:53:22"}
{"level":"info","message":"Database connection established","timestamp":"2025-06-02 18:53:50"}
{"level":"info","message":"Client removed from pool","timestamp":"2025-06-02 18:55:04"}
{"level":"info","message":"Database connection established","timestamp":"2025-06-02 18:57:13"}
{"level":"info","message":"Client removed from pool","timestamp":"2025-06-02 18:57:13"}
{"error":"null value in column \"user_id\" of relation \"post\" violates not-null constraint","level":"error","message":"Query execution error:","params":[null,null,"https://drive.google.com/uc?id=1WUnOqPuInPTfufvRnoUwk2G2RWCm_x2Z","try_7","draft","https://drive.google.com/uc?id=1t0trHSNMzoNE4n0TY6ZhMntPVhxy3vG5"],"text":"\n        INSERT INTO Post (\n          User_id,\n          User_Name,\n          Text_Location,\n          Title,\n          Status,\n          Cover_page\n        )\n        VALUES ($1, $2, $3, $4, $5, $6)\n        RETURNING *\n      ","timestamp":"2025-06-02 18:57:13"}
{"level":"info","message":"Database connection established","timestamp":"2025-06-02 18:58:55"}
{"level":"info","message":"Client removed from pool","timestamp":"2025-06-02 18:58:55"}
{"error":"null value in column \"user_id\" of relation \"post\" violates not-null constraint","level":"error","message":"Query execution error:","params":[null,null,"https://drive.google.com/uc?id=1Rq3Q61C6RlnUx3pp_oGoOQ90iO_VxW4V","try_7","draft","https://drive.google.com/uc?id=1TPOt8bg7bc8vDJn_eXcbJmLA0gq0QNMi"],"text":"\n        INSERT INTO Post (\n          User_id,\n          User_Name,\n          Text_Location,\n          Title,\n          Status,\n          Cover_page\n        )\n        VALUES ($1, $2, $3, $4, $5, $6)\n        RETURNING *\n      ","timestamp":"2025-06-02 18:58:55"}
{"level":"info","message":"Database connection established","timestamp":"2025-06-02 19:01:00"}
{"level":"info","message":"Client removed from pool","timestamp":"2025-06-02 19:02:00"}
{"level":"info","message":"Database connection established","timestamp":"2025-06-02 19:09:55"}
{"level":"info","message":"Client removed from pool","timestamp":"2025-06-02 19:11:12"}
{"level":"info","message":"Database connection established","timestamp":"2025-06-02 19:11:34"}
{"level":"info","message":"Client removed from pool","timestamp":"2025-06-02 19:12:34"}
{"level":"info","message":"Database connection established","timestamp":"2025-06-02 19:13:57"}
{"level":"info","message":"Client removed from pool","timestamp":"2025-06-02 19:15:10"}
{"level":"info","message":"Database connection established","timestamp":"2025-06-02 19:19:33"}
{"level":"info","message":"Database connection established","timestamp":"2025-06-02 19:21:18"}
{"level":"info","message":"Database connection established","timestamp":"2025-06-02 19:21:55"}
{"level":"info","message":"Client removed from pool","timestamp":"2025-06-02 19:22:59"}
{"level":"info","message":"Database connection established","timestamp":"2025-06-02 19:25:15"}
{"level":"info","message":"Client removed from pool","timestamp":"2025-06-02 19:26:15"}
{"level":"info","message":"Database connection established","timestamp":"2025-06-02 19:26:51"}
{"level":"info","message":"Database connection established","timestamp":"2025-06-02 19:27:17"}
{"level":"info","message":"Database connection established","timestamp":"2025-06-02 19:27:29"}
{"level":"info","message":"Database connection established","timestamp":"2025-06-02 19:28:00"}
{"level":"info","message":"Client removed from pool","timestamp":"2025-06-02 19:29:02"}
{"level":"info","message":"Database connection established","timestamp":"2025-06-02 19:33:36"}
{"level":"info","message":"Database connection established","timestamp":"2025-06-02 19:35:44"}
{"level":"info","message":"Client removed from pool","timestamp":"2025-06-02 19:36:59"}
{"level":"info","message":"Database connection established","timestamp":"2025-06-02 19:37:18"}
{"level":"info","message":"Client removed from pool","timestamp":"2025-06-02 19:38:23"}
{"level":"info","message":"Database connection established","timestamp":"2025-06-02 19:45:17"}
{"level":"info","message":"Database connection established","timestamp":"2025-06-02 19:45:48"}
{"level":"info","message":"Database connection established","timestamp":"2025-06-02 19:46:36"}
{"level":"info","message":"Database connection established","timestamp":"2025-06-02 19:47:58"}
{"level":"info","message":"Client removed from pool","timestamp":"2025-06-02 19:48:58"}
{"level":"info","message":"Database connection established","timestamp":"2025-06-02 19:49:02"}
{"level":"info","message":"Client removed from pool","timestamp":"2025-06-02 19:50:02"}
{"level":"info","message":"Database connection established","timestamp":"2025-06-02 19:50:12"}
{"level":"info","message":"Database connection established","timestamp":"2025-06-02 19:50:29"}
{"level":"info","message":"Client removed from pool","timestamp":"2025-06-02 19:51:29"}
{"level":"info","message":"Database connection established","timestamp":"2025-06-02 19:53:28"}
{"level":"info","message":"Client removed from pool","timestamp":"2025-06-02 19:54:28"}
{"level":"info","message":"Database connection established","timestamp":"2025-06-02 19:55:11"}
{"level":"info","message":"Database connection established","timestamp":"2025-06-02 19:55:29"}
{"level":"info","message":"Database connection established","timestamp":"2025-06-02 19:55:39"}
{"level":"info","message":"Client removed from pool","timestamp":"2025-06-02 19:56:39"}
{"level":"info","message":"Database connection established","timestamp":"2025-06-02 19:57:11"}
{"level":"info","message":"Client removed from pool","timestamp":"2025-06-02 19:58:11"}
{"level":"info","message":"Database connection established","timestamp":"2025-06-03 01:02:49"}
{"level":"info","message":"Client removed from pool","timestamp":"2025-06-03 01:02:49"}
{"error":"duplicate key value violates unique constraint \"User_email_key\"","level":"error","message":"Query execution error:","params":["Dummy 2","addu2012005@gmail.com","$2b$10$mKqXnFxJXuwnFFylOgkYneCZL6V19ilBH5cWns58OgznPkmxXw3ua"],"text":"INSERT INTO \"User\" (UserName, Email, Password) VALUES ($1, $2, $3) RETURNING Uid, UserName, Email","timestamp":"2025-06-03 01:02:49"}
{"level":"info","message":"Database connection established","timestamp":"2025-06-03 01:02:57"}
{"level":"info","message":"Database connection established","timestamp":"2025-06-03 01:03:53"}
{"level":"info","message":"Client removed from pool","timestamp":"2025-06-03 01:04:53"}
{"level":"info","message":"Database connection established","timestamp":"2025-06-03 01:05:23"}
{"level":"info","message":"Client removed from pool","timestamp":"2025-06-03 01:06:23"}
{"error":"Connection terminated due to connection timeout","level":"error","message":"Query execution error:","text":"CREATE EXTENSION IF NOT EXISTS \"uuid-ossp\";\r\nDROP TABLE IF EXISTS \"User\";\r\n\r\nCREATE TABLE IF NOT EXISTS \"User\" (\r\n    Uid UUID PRIMARY KEY DEFAULT uuid_generate_v4(),\r\n    UserName VARCHAR(100) NOT NULL,\r\n    TimeOfSignIn TIME DEFAULT CURRENT_TIME,\r\n    DateofSignIn DATE DEFAULT CURRENT_DATE,\r\n    Email TEXT NOT NULL UNIQUE,\r\n    Password VARCHAR(100) NOT NULL,\r\n    Occupation VARCHAR(100) DEFAULT '',\r\n    Image_Url VARCHAR(255) DEFAULT '',\r\n    Verified VARCHAR(1) DEFAULT 'N',\r\n    About_YourSelf TEXT DEFAULT ''\r\n);","timestamp":"2025-06-03 01:08:19"}
{"level":"info","message":"Database connection established","timestamp":"2025-06-03 01:08:35"}
{"level":"info","message":"Client removed from pool","timestamp":"2025-06-03 01:10:13"}
{"level":"info","message":"Database connection established","timestamp":"2025-06-03 01:12:31"}
{"level":"info","message":"Database connection established","timestamp":"2025-06-03 01:12:41"}
{"level":"info","message":"Client removed from pool","timestamp":"2025-06-03 01:14:21"}
{"level":"info","message":"Database connection established","timestamp":"2025-06-03 01:14:37"}
{"level":"info","message":"Client removed from pool","timestamp":"2025-06-03 03:15:35"}
{"level":"info","message":"Database connection established","timestamp":"2025-06-03 09:30:09"}
{"level":"info","message":"Client removed from pool","timestamp":"2025-06-03 09:31:09"}
{"level":"info","message":"Database connection established","timestamp":"2025-06-03 09:32:17"}
{"level":"info","message":"Client removed from pool","timestamp":"2025-06-03 09:33:18"}
{"level":"info","message":"Database connection established","timestamp":"2025-06-03 09:34:30"}
{"level":"info","message":"Client removed from pool","timestamp":"2025-06-03 09:36:08"}
{"level":"info","message":"Database connection established","timestamp":"2025-06-03 09:38:16"}
{"level":"info","message":"Client removed from pool","timestamp":"2025-06-03 09:38:16"}
{"error":"duplicate key value violates unique constraint \"User_email_key\"","level":"error","message":"Query execution error:","params":["Adarsh Meshram","addu2012005@gmail.com","$2b$10$mVXT91JRprcvegtCmDJw3uaX3UhtS/VCa2RrlZXZ4eQXrtcweOxpO"],"text":"INSERT INTO \"User\" (UserName, Email, Password) VALUES ($1, $2, $3) RETURNING Uid, UserName, Email","timestamp":"2025-06-03 09:38:16"}
{"level":"info","message":"Database connection established","timestamp":"2025-06-03 09:38:29"}
{"level":"info","message":"Database connection established","timestamp":"2025-06-03 09:39:14"}
{"level":"info","message":"Client removed from pool","timestamp":"2025-06-03 09:40:56"}
{"level":"info","message":"Database connection established","timestamp":"2025-06-03 09:55:07"}
{"level":"info","message":"Client removed from pool","timestamp":"2025-06-03 09:56:14"}
{"level":"info","message":"Database connection established","timestamp":"2025-06-03 09:57:17"}
{"level":"info","message":"Client removed from pool","timestamp":"2025-06-03 09:57:17"}
{"error":"duplicate key value violates unique constraint \"User_email_key\"","level":"error","message":"Query execution error:","params":["adarsh meshram","addu2012005@gmail.com","$2b$10$CcfQmlAVhpDzXh1DAx4yUeewa5/Jliwp9xX5LZxv8X2NBPn3YInyK"],"text":"INSERT INTO \"User\" (UserName, Email, Password) VALUES ($1, $2, $3) RETURNING Uid, UserName, Email","timestamp":"2025-06-03 09:57:17"}
{"level":"info","message":"Database connection established","timestamp":"2025-06-03 09:57:27"}
{"level":"info","message":"Client removed from pool","timestamp":"2025-06-03 09:58:33"}
{"level":"info","message":"Database connection established","timestamp":"2025-06-03 10:01:13"}
{"level":"info","message":"Client removed from pool","timestamp":"2025-06-03 10:02:27"}
{"level":"info","message":"Database connection established","timestamp":"2025-06-03 10:03:41"}
{"level":"info","message":"Client removed from pool","timestamp":"2025-06-03 10:04:47"}
{"level":"info","message":"Database connection established","timestamp":"2025-06-03 10:05:49"}
{"level":"info","message":"Client removed from pool","timestamp":"2025-06-03 10:06:49"}
{"level":"info","message":"Database connection established","timestamp":"2025-06-03 10:12:51"}
{"level":"info","message":"Database connection established","timestamp":"2025-06-03 10:13:20"}
{"level":"info","message":"Database connection established","timestamp":"2025-06-03 10:13:40"}
{"level":"info","message":"Database connection established","timestamp":"2025-06-03 10:13:47"}
{"level":"info","message":"Client removed from pool","timestamp":"2025-06-03 10:24:29"}
{"level":"info","message":"Database connection established","timestamp":"2025-06-03 10:25:07"}
{"level":"info","message":"Client removed from pool","timestamp":"2025-06-03 10:26:07"}
{"level":"info","message":"Database connection established","timestamp":"2025-06-03 10:26:14"}
{"level":"info","message":"Database connection established","timestamp":"2025-06-03 10:26:18"}
{"level":"info","message":"Database connection established","timestamp":"2025-06-03 10:26:29"}
{"level":"info","message":"Database connection established","timestamp":"2025-06-03 10:28:00"}
{"level":"info","message":"Client removed from pool","timestamp":"2025-06-03 10:29:21"}
{"level":"info","message":"Database connection established","timestamp":"2025-06-03 10:31:19"}
{"level":"info","message":"Database connection established","timestamp":"2025-06-03 10:32:11"}
{"level":"info","message":"Database connection established","timestamp":"2025-06-03 10:32:16"}
{"level":"info","message":"Client removed from pool","timestamp":"2025-06-03 10:33:17"}
{"level":"info","message":"Database connection established","timestamp":"2025-06-03 10:33:21"}
{"level":"info","message":"Database connection established","timestamp":"2025-06-03 10:39:00"}
{"level":"info","message":"Client removed from pool","timestamp":"2025-06-03 10:40:00"}
{"level":"info","message":"Database connection established","timestamp":"2025-06-03 11:11:47"}
{"level":"info","message":"Client removed from pool","timestamp":"2025-06-03 11:13:00"}
{"level":"info","message":"Database connection established","timestamp":"2025-06-03 11:16:34"}
{"level":"info","message":"Database connection established","timestamp":"2025-06-03 11:16:48"}
{"level":"info","message":"Database connection established","timestamp":"2025-06-03 11:17:48"}
{"level":"info","message":"Client removed from pool","timestamp":"2025-06-03 11:18:48"}
{"level":"info","message":"Database connection established","timestamp":"2025-06-03 11:21:24"}
{"level":"info","message":"Client removed from pool","timestamp":"2025-06-03 11:22:24"}
{"level":"info","message":"Database connection established","timestamp":"2025-06-03 11:59:04"}
{"level":"info","message":"Client removed from pool","timestamp":"2025-06-03 12:00:04"}
{"level":"info","message":"Database connection established","timestamp":"2025-06-03 12:20:00"}
{"level":"info","message":"Client removed from pool","timestamp":"2025-06-03 12:21:00"}
{"level":"info","message":"Database connection established","timestamp":"2025-06-03 12:21:16"}
{"level":"info","message":"Client removed from pool","timestamp":"2025-06-03 12:23:05"}
{"level":"info","message":"Database connection established","timestamp":"2025-06-03 12:23:19"}
{"level":"info","message":"Client removed from pool","timestamp":"2025-06-03 12:24:26"}
{"level":"info","message":"Database connection established","timestamp":"2025-06-03 12:24:40"}
{"level":"info","message":"Client removed from pool","timestamp":"2025-06-03 12:26:56"}
{"level":"info","message":"Database connection established","timestamp":"2025-06-03 12:27:00"}
{"level":"info","message":"Client removed from pool","timestamp":"2025-06-03 12:28:00"}
{"level":"info","message":"Database connection established","timestamp":"2025-06-03 12:29:12"}
{"level":"info","message":"Client removed from pool","timestamp":"2025-06-03 12:30:25"}
{"level":"info","message":"Database connection established","timestamp":"2025-06-03 12:32:44"}
{"level":"info","message":"Database connection established","timestamp":"2025-06-03 13:14:06"}
{"level":"info","message":"Database connection established","timestamp":"2025-06-03 13:15:45"}
{"level":"info","message":"Client removed from pool","timestamp":"2025-06-03 13:17:32"}
{"level":"info","message":"Database connection established","timestamp":"2025-06-03 13:17:49"}
{"level":"info","message":"Database connection established","timestamp":"2025-06-03 13:18:09"}
{"level":"info","message":"Client removed from pool","timestamp":"2025-06-03 13:19:09"}
{"level":"info","message":"Database connection established","timestamp":"2025-06-11 09:54:13"}
{"level":"info","message":"Client removed from pool","timestamp":"2025-06-11 09:56:36"}
{"level":"info","message":"Database connection established","timestamp":"2025-06-11 09:58:15"}
{"level":"info","message":"Client removed from pool","timestamp":"2025-06-11 09:59:16"}
{"level":"info","message":"Database connection established","timestamp":"2025-06-11 10:01:21"}
{"level":"info","message":"Client removed from pool","timestamp":"2025-06-11 10:02:21"}
{"level":"info","message":"Database connection established","timestamp":"2025-06-11 10:16:43"}
{"level":"info","message":"Client removed from pool","timestamp":"2025-06-11 10:18:17"}
{"level":"info","message":"Database connection established","timestamp":"2025-06-11 10:19:16"}
{"level":"info","message":"Client removed from pool","timestamp":"2025-06-11 10:20:37"}
{"error":"Connection terminated due to connection timeout","level":"error","message":"Query execution error:","params":["addu2012005@gmail.com"],"text":"SELECT * FROM \"User\" WHERE Email = $1","timestamp":"2025-06-11 10:35:40"}
{"level":"info","message":"Database connection established","timestamp":"2025-06-11 10:35:48"}
{"level":"info","message":"Client removed from pool","timestamp":"2025-06-11 10:36:48"}
{"level":"info","message":"Database connection established","timestamp":"2025-06-11 10:49:22"}
{"level":"info","message":"Client removed from pool","timestamp":"2025-06-11 10:50:23"}
{"level":"info","message":"Database connection established","timestamp":"2025-06-11 10:50:24"}
{"level":"info","message":"Client removed from pool","timestamp":"2025-06-11 10:51:24"}
{"level":"info","message":"Database connection established","timestamp":"2025-06-11 10:52:32"}
{"level":"info","message":"Client removed from pool","timestamp":"2025-06-11 11:08:48"}
{"level":"info","message":"Database connection established","timestamp":"2025-06-11 11:11:16"}
{"level":"info","message":"Client removed from pool","timestamp":"2025-06-11 11:12:16"}
{"level":"info","message":"Database connection established","timestamp":"2025-06-11 11:12:37"}
{"level":"info","message":"Client removed from pool","timestamp":"2025-06-11 11:13:38"}
{"level":"info","message":"Database connection established","timestamp":"2025-06-11 11:13:50"}
